[0m19:29:40.792249 [debug] [MainThread]: Sending event: {'category': 'dbt', 'action': 'invocation', 'label': 'start', 'context': [<snowplow_tracker.self_describing_json.SelfDescribingJson object at 0x00000187CD6DD160>, <snowplow_tracker.self_describing_json.SelfDescribingJson object at 0x00000187CA3BB4D0>, <snowplow_tracker.self_describing_json.SelfDescribingJson object at 0x00000187CFA0FB10>]}


============================== 19:29:40.796739 | 8a318056-8965-4987-bc87-9cb19c7d7dab ==============================
[0m19:29:40.796739 [info ] [MainThread]: Running with dbt=1.11.8
[0m19:29:40.797440 [debug] [MainThread]: running dbt with arguments {'version_check': 'True', 'no_print': 'None', 'static_parser': 'True', 'warn_error_options': 'WarnErrorOptionsV2(error=[], warn=[], silence=[])', 'target_path': 'None', 'printer_width': '80', 'write_json': 'True', 'empty': 'None', 'log_cache_events': 'False', 'introspect': 'True', 'cache_selected_only': 'False', 'log_format': 'default', 'debug': 'False', 'fail_fast': 'False', 'partial_parse': 'True', 'send_anonymous_usage_stats': 'True', 'quiet': 'False', 'warn_error': 'None', 'profiles_dir': 'C:\\Users\\sohkar\\.dbt', 'indirect_selection': 'eager', 'invocation_command': 'dbt debug', 'use_colors': 'True', 'use_experimental_parser': 'False', 'log_path': 'C:\\Users\\sohkar\\OneDrive - Knowit AB\\Data Engineering\\dev\\Banking-Demo-Project\\dbt_project\\logs'}
[0m19:29:40.844809 [info ] [MainThread]: dbt version: 1.11.8
[0m19:29:40.845572 [info ] [MainThread]: python version: 3.13.13
[0m19:29:40.846202 [info ] [MainThread]: python path: C:\Users\sohkar\AppData\Local\Programs\Python\Python313\python.exe
[0m19:29:40.846598 [info ] [MainThread]: os info: Windows-11-10.0.26200-SP0
[0m19:29:40.847052 [info ] [MainThread]: Using profiles dir at C:\Users\sohkar\.dbt
[0m19:29:40.847389 [info ] [MainThread]: Using profiles.yml file at C:\Users\sohkar\.dbt\profiles.yml
[0m19:29:40.847728 [info ] [MainThread]: Using dbt_project.yml file at C:\Users\sohkar\OneDrive - Knowit AB\Data Engineering\dev\Banking-Demo-Project\dbt_project\dbt_project.yml
[0m19:29:40.909187 [info ] [MainThread]: Configuration:
[0m19:29:40.910033 [info ] [MainThread]:   profiles.yml file [[31mERROR not found[0m]
[0m19:29:40.910901 [info ] [MainThread]:   dbt_project.yml file [[31mERROR invalid[0m]
[0m19:29:40.911381 [info ] [MainThread]: Required dependencies:
[0m19:29:40.911964 [debug] [MainThread]: Executing "git --help"
[0m19:29:40.969291 [debug] [MainThread]: STDOUT: "b"usage: git [-v | --version] [-h | --help] [-C <path>] [-c <name>=<value>]\n           [--exec-path[=<path>]] [--html-path] [--man-path] [--info-path]\n           [-p | --paginate | -P | --no-pager] [--no-replace-objects] [--no-lazy-fetch]\n           [--no-optional-locks] [--no-advice] [--bare] [--git-dir=<path>]\n           [--work-tree=<path>] [--namespace=<name>] [--config-env=<name>=<envvar>]\n           <command> [<args>]\n\nThese are common Git commands used in various situations:\n\nstart a working area (see also: git help tutorial)\n   clone      Clone a repository into a new directory\n   init       Create an empty Git repository or reinitialize an existing one\n\nwork on the current change (see also: git help everyday)\n   add        Add file contents to the index\n   mv         Move or rename a file, a directory, or a symlink\n   restore    Restore working tree files\n   rm         Remove files from the working tree and from the index\n\nexamine the history and state (see also: git help revisions)\n   bisect     Use binary search to find the commit that introduced a bug\n   diff       Show changes between commits, commit and working tree, etc\n   grep       Print lines matching a pattern\n   log        Show commit logs\n   show       Show various types of objects\n   status     Show the working tree status\n\ngrow, mark and tweak your common history\n   backfill   Download missing objects in a partial clone\n   branch     List, create, or delete branches\n   commit     Record changes to the repository\n   history    EXPERIMENTAL: Rewrite history\n   merge      Join two or more development histories together\n   rebase     Reapply commits on top of another base tip\n   reset      Set `HEAD` or the index to a known state\n   switch     Switch branches\n   tag        Create, list, delete or verify tags\n\ncollaborate (see also: git help workflows)\n   fetch      Download objects and refs from another repository\n   pull       Fetch from and integrate with another repository or a local branch\n   push       Update remote refs along with associated objects\n\n'git help -a' and 'git help -g' list available subcommands and some\nconcept guides. See 'git help <command>' or 'git help <concept>'\nto read about a specific subcommand or concept.\nSee 'git help git' for an overview of the system.\n""
[0m19:29:40.969870 [debug] [MainThread]: STDERR: "b''"
[0m19:29:40.970256 [info ] [MainThread]:  - git [[32mOK found[0m]

[0m19:29:40.970678 [info ] [MainThread]: Connection test skipped since no profile was found
[0m19:29:40.971163 [info ] [MainThread]: [31m2 checks failed:[0m
[0m19:29:40.971694 [info ] [MainThread]: dbt looked for a profiles.yml file in C:\Users\sohkar\.dbt\profiles.yml, but did
not find one. For more information on configuring your profile, consult the
documentation:

https://docs.getdbt.com/docs/configure-your-profile


[0m19:29:40.972211 [info ] [MainThread]: Project loading failed for the following reason:
Runtime Error
  at path ['quoting']: {'identifier': False, 'column': False} is not valid under any of the given schemas

Error encountered in C:\Users\sohkar\OneDrive - Knowit AB\Data Engineering\dev\Banking-Demo-Project\dbt_project\dbt_project.yml


[0m19:29:40.973014 [debug] [MainThread]: Command `dbt debug` failed at 19:29:40.972892 after 0.44 seconds
[0m19:29:40.973361 [debug] [MainThread]: Sending event: {'category': 'dbt', 'action': 'invocation', 'label': 'end', 'context': [<snowplow_tracker.self_describing_json.SelfDescribingJson object at 0x00000187CFF82650>, <snowplow_tracker.self_describing_json.SelfDescribingJson object at 0x00000187CFF7B2F0>, <snowplow_tracker.self_describing_json.SelfDescribingJson object at 0x00000187CFEE3020>]}
[0m19:29:40.973738 [debug] [MainThread]: Flushing usage events
[0m19:29:42.469721 [debug] [MainThread]: An error was encountered while trying to flush usage events
[0m19:30:14.707500 [debug] [MainThread]: Sending event: {'category': 'dbt', 'action': 'invocation', 'label': 'start', 'context': [<snowplow_tracker.self_describing_json.SelfDescribingJson object at 0x00000205EF74D160>, <snowplow_tracker.self_describing_json.SelfDescribingJson object at 0x00000205EC44B4D0>, <snowplow_tracker.self_describing_json.SelfDescribingJson object at 0x00000205F1A6FB10>]}


============================== 19:30:14.712016 | b2cbdb4d-7cd9-4bda-9c6b-a83ef6da5b2c ==============================
[0m19:30:14.712016 [info ] [MainThread]: Running with dbt=1.11.8
[0m19:30:14.713375 [debug] [MainThread]: running dbt with arguments {'static_parser': 'True', 'no_print': 'None', 'version_check': 'True', 'target_path': 'None', 'warn_error_options': 'WarnErrorOptionsV2(error=[], warn=[], silence=[])', 'printer_width': '80', 'write_json': 'True', 'introspect': 'True', 'log_cache_events': 'False', 'empty': 'None', 'cache_selected_only': 'False', 'log_format': 'default', 'debug': 'False', 'fail_fast': 'False', 'profiles_dir': 'C:\\Users\\sohkar\\OneDrive - Knowit AB\\Data Engineering\\dev\\Banking-Demo-Project\\dbt_project', 'send_anonymous_usage_stats': 'True', 'quiet': 'False', 'warn_error': 'None', 'partial_parse': 'True', 'use_colors': 'True', 'invocation_command': 'dbt debug', 'indirect_selection': 'eager', 'use_experimental_parser': 'False', 'log_path': 'C:\\Users\\sohkar\\OneDrive - Knowit AB\\Data Engineering\\dev\\Banking-Demo-Project\\dbt_project\\logs'}
[0m19:30:14.729902 [info ] [MainThread]: dbt version: 1.11.8
[0m19:30:14.731139 [info ] [MainThread]: python version: 3.13.13
[0m19:30:14.731767 [info ] [MainThread]: python path: C:\Users\sohkar\AppData\Local\Programs\Python\Python313\python.exe
[0m19:30:14.732430 [info ] [MainThread]: os info: Windows-11-10.0.26200-SP0
[0m19:30:14.850381 [info ] [MainThread]: Using profiles dir at C:\Users\sohkar\OneDrive - Knowit AB\Data Engineering\dev\Banking-Demo-Project\dbt_project
[0m19:30:14.851261 [info ] [MainThread]: Using profiles.yml file at C:\Users\sohkar\OneDrive - Knowit AB\Data Engineering\dev\Banking-Demo-Project\dbt_project\profiles.yml
[0m19:30:14.851994 [info ] [MainThread]: Using dbt_project.yml file at C:\Users\sohkar\OneDrive - Knowit AB\Data Engineering\dev\Banking-Demo-Project\dbt_project\dbt_project.yml
[0m19:30:14.910715 [info ] [MainThread]: Configuration:
[0m19:30:14.911651 [info ] [MainThread]:   profiles.yml file [[31mERROR invalid[0m]
[0m19:30:14.912721 [info ] [MainThread]:   dbt_project.yml file [[31mERROR invalid[0m]
[0m19:30:14.913198 [info ] [MainThread]: Required dependencies:
[0m19:30:14.913815 [debug] [MainThread]: Executing "git --help"
[0m19:30:14.974212 [debug] [MainThread]: STDOUT: "b"usage: git [-v | --version] [-h | --help] [-C <path>] [-c <name>=<value>]\n           [--exec-path[=<path>]] [--html-path] [--man-path] [--info-path]\n           [-p | --paginate | -P | --no-pager] [--no-replace-objects] [--no-lazy-fetch]\n           [--no-optional-locks] [--no-advice] [--bare] [--git-dir=<path>]\n           [--work-tree=<path>] [--namespace=<name>] [--config-env=<name>=<envvar>]\n           <command> [<args>]\n\nThese are common Git commands used in various situations:\n\nstart a working area (see also: git help tutorial)\n   clone      Clone a repository into a new directory\n   init       Create an empty Git repository or reinitialize an existing one\n\nwork on the current change (see also: git help everyday)\n   add        Add file contents to the index\n   mv         Move or rename a file, a directory, or a symlink\n   restore    Restore working tree files\n   rm         Remove files from the working tree and from the index\n\nexamine the history and state (see also: git help revisions)\n   bisect     Use binary search to find the commit that introduced a bug\n   diff       Show changes between commits, commit and working tree, etc\n   grep       Print lines matching a pattern\n   log        Show commit logs\n   show       Show various types of objects\n   status     Show the working tree status\n\ngrow, mark and tweak your common history\n   backfill   Download missing objects in a partial clone\n   branch     List, create, or delete branches\n   commit     Record changes to the repository\n   history    EXPERIMENTAL: Rewrite history\n   merge      Join two or more development histories together\n   rebase     Reapply commits on top of another base tip\n   reset      Set `HEAD` or the index to a known state\n   switch     Switch branches\n   tag        Create, list, delete or verify tags\n\ncollaborate (see also: git help workflows)\n   fetch      Download objects and refs from another repository\n   pull       Fetch from and integrate with another repository or a local branch\n   push       Update remote refs along with associated objects\n\n'git help -a' and 'git help -g' list available subcommands and some\nconcept guides. See 'git help <command>' or 'git help <concept>'\nto read about a specific subcommand or concept.\nSee 'git help git' for an overview of the system.\n""
[0m19:30:14.974934 [debug] [MainThread]: STDERR: "b''"
[0m19:30:14.975314 [info ] [MainThread]:  - git [[32mOK found[0m]

[0m19:30:14.975882 [info ] [MainThread]: Connection test skipped since no profile was found
[0m19:30:14.976620 [info ] [MainThread]: [31m2 checks failed:[0m
[0m19:30:14.977312 [info ] [MainThread]: Profile loading failed for the following reason:
Runtime Error
  Credentials in profile "demo_dbt_profile", target "dev" invalid: 'schemas_and_paths' is a required property


[0m19:30:14.977733 [info ] [MainThread]: Project loading failed for the following reason:
Runtime Error
  at path ['quoting']: {'identifier': False, 'column': False} is not valid under any of the given schemas

Error encountered in C:\Users\sohkar\OneDrive - Knowit AB\Data Engineering\dev\Banking-Demo-Project\dbt_project\dbt_project.yml


[0m19:30:14.978941 [debug] [MainThread]: Command `dbt debug` failed at 19:30:14.978822 after 0.42 seconds
[0m19:30:14.979318 [debug] [MainThread]: Sending event: {'category': 'dbt', 'action': 'invocation', 'label': 'end', 'context': [<snowplow_tracker.self_describing_json.SelfDescribingJson object at 0x00000205F20935C0>, <snowplow_tracker.self_describing_json.SelfDescribingJson object at 0x00000205F20DBD10>, <snowplow_tracker.self_describing_json.SelfDescribingJson object at 0x00000205F2023020>]}
[0m19:30:14.979732 [debug] [MainThread]: Flushing usage events
[0m19:30:16.467390 [debug] [MainThread]: An error was encountered while trying to flush usage events
